// Jest Snapshot v1, https://goo.gl/fbAQLP

exports[`renders correctly 1`] = `
Object {
  "asFragment": [Function],
  "baseElement": <body>
    <div>
      <div
        class="app"
      >
        <header
          class="section"
        >
          <div
            class="container"
          >
            <h1
              class="title"
            >
              Compensation Rate Calculator
            </h1>
            <p
              class="subtitle"
            >
              Calculate your equivalent annual salary to an hourly rate
            </p>
          </div>
        </header>
        <section
          class="section"
        >
          <div
            class="container"
          >
            <form>
              <div
                class="field is-horizontal"
              >
                <div
                  class="field-label is-normal"
                >
                  <label
                    class="label"
                  >
                    Work Hours Per Week
                  </label>
                </div>
                <div
                  class="field-body"
                >
                  <div
                    class="field"
                  >
                    <p
                      class="control"
                    >
                      <input
                        aria-label="workHoursPerWeek"
                        class="input"
                        name="workHoursPerWeek"
                        required=""
                        type="number"
                        value="40"
                      />
                    </p>
                  </div>
                </div>
              </div>
              <div
                class="field is-horizontal"
              >
                <div
                  class="field-label is-normal"
                >
                  <label
                    class="label"
                  >
                    Annual Salary Amount
                  </label>
                </div>
                <div
                  class="field-body"
                >
                  <div
                    class="field"
                  >
                    <p
                      class="control"
                    >
                      <input
                        aria-label="annualSalaryAmount"
                        class="input"
                        name="annualSalaryAmount"
                        required=""
                        type="number"
                        value="0"
                      />
                    </p>
                  </div>
                </div>
              </div>
              <div
                class="field is-horizontal"
              >
                <div
                  class="field-label is-normal"
                >
                  <label
                    class="label"
                  >
                    Tax Rate
                  </label>
                </div>
                <div
                  class="field-body"
                >
                  <div
                    class="field"
                  >
                    <p
                      class="control"
                    >
                      <input
                        aria-label="taxPercentage"
                        class="input"
                        name="taxPercentage"
                        required=""
                        type="number"
                        value="0"
                      />
                    </p>
                  </div>
                </div>
              </div>
              <div
                class="field is-horizontal"
              >
                <div
                  class="field-label is-normal"
                >
                  <label
                    class="label"
                  >
                    Monthly Healthcare Premium
                  </label>
                </div>
                <div
                  class="field-body"
                >
                  <div
                    class="field"
                  >
                    <p
                      class="control"
                    >
                      <input
                        aria-label="healthCareAmount"
                        class="input"
                        name="healthCareAmount"
                        required=""
                        type="number"
                        value="0"
                      />
                    </p>
                  </div>
                </div>
              </div>
              <div
                class="field is-horizontal"
              >
                <div
                  class="field-label is-normal"
                >
                  <label
                    class="label"
                  >
                    Monthly 401k Investment Amount
                  </label>
                </div>
                <div
                  class="field-body"
                >
                  <div
                    class="field"
                  >
                    <p
                      class="control"
                    >
                      <input
                        aria-label="investmentsAmount"
                        class="input"
                        name="investmentsAmount"
                        required=""
                        type="number"
                        value="0"
                      />
                    </p>
                  </div>
                </div>
              </div>
              <div
                class="field is-horizontal"
              >
                <div
                  class="field-label is-normal"
                >
                  <label
                    class="label"
                  >
                    Employer 401k Investment Match
                  </label>
                </div>
                <div
                  class="field-body"
                >
                  <div
                    class="field"
                  >
                    <p
                      class="control"
                    >
                      <input
                        aria-label="investmentsMatchPercentage"
                        class="input"
                        name="investmentsMatchPercentage"
                        required=""
                        type="number"
                        value="0"
                      />
                    </p>
                  </div>
                </div>
              </div>
              <div
                class="field is-horizontal"
              >
                <div
                  class="field-label is-normal"
                >
                  <label
                    class="label"
                  >
                    Monthly Miscellaneous Benefits Amount
                  </label>
                </div>
                <div
                  class="field-body"
                >
                  <div
                    class="field"
                  >
                    <p
                      class="control"
                    >
                      <input
                        aria-label="miscBenefitsAmount"
                        class="input"
                        name="miscBenefitsAmount"
                        required=""
                        type="number"
                        value="0"
                      />
                    </p>
                  </div>
                </div>
              </div>
              <div
                class="field is-horizontal"
              >
                <div
                  class="field-label"
                />
                <div
                  class="field-body"
                >
                  <div
                    class="field"
                  >
                    <div
                      class="control"
                    >
                      <input
                        aria-label="submit"
                        class="button is-primary"
                        type="submit"
                        value="Calculate"
                      />
                    </div>
                  </div>
                </div>
              </div>
            </form>
          </div>
          <section
            class="section"
          >
            <div
              class="container"
            >
              <h2
                class="title is-4"
              >
                Your Rate: 
                <span
                  aria-label="calculated-total"
                  class="calculated-total-text"
                >
                  $0.00
                </span>
              </h2>
            </div>
          </section>
        </section>
        <footer
          class="footer"
        >
          by 
          <a
            href="https://gregjmorrison.com"
          >
            Greg Morrison
          </a>
        </footer>
      </div>
    </div>
  </body>,
  "container": <div>
    <div
      class="app"
    >
      <header
        class="section"
      >
        <div
          class="container"
        >
          <h1
            class="title"
          >
            Compensation Rate Calculator
          </h1>
          <p
            class="subtitle"
          >
            Calculate your equivalent annual salary to an hourly rate
          </p>
        </div>
      </header>
      <section
        class="section"
      >
        <div
          class="container"
        >
          <form>
            <div
              class="field is-horizontal"
            >
              <div
                class="field-label is-normal"
              >
                <label
                  class="label"
                >
                  Work Hours Per Week
                </label>
              </div>
              <div
                class="field-body"
              >
                <div
                  class="field"
                >
                  <p
                    class="control"
                  >
                    <input
                      aria-label="workHoursPerWeek"
                      class="input"
                      name="workHoursPerWeek"
                      required=""
                      type="number"
                      value="40"
                    />
                  </p>
                </div>
              </div>
            </div>
            <div
              class="field is-horizontal"
            >
              <div
                class="field-label is-normal"
              >
                <label
                  class="label"
                >
                  Annual Salary Amount
                </label>
              </div>
              <div
                class="field-body"
              >
                <div
                  class="field"
                >
                  <p
                    class="control"
                  >
                    <input
                      aria-label="annualSalaryAmount"
                      class="input"
                      name="annualSalaryAmount"
                      required=""
                      type="number"
                      value="0"
                    />
                  </p>
                </div>
              </div>
            </div>
            <div
              class="field is-horizontal"
            >
              <div
                class="field-label is-normal"
              >
                <label
                  class="label"
                >
                  Tax Rate
                </label>
              </div>
              <div
                class="field-body"
              >
                <div
                  class="field"
                >
                  <p
                    class="control"
                  >
                    <input
                      aria-label="taxPercentage"
                      class="input"
                      name="taxPercentage"
                      required=""
                      type="number"
                      value="0"
                    />
                  </p>
                </div>
              </div>
            </div>
            <div
              class="field is-horizontal"
            >
              <div
                class="field-label is-normal"
              >
                <label
                  class="label"
                >
                  Monthly Healthcare Premium
                </label>
              </div>
              <div
                class="field-body"
              >
                <div
                  class="field"
                >
                  <p
                    class="control"
                  >
                    <input
                      aria-label="healthCareAmount"
                      class="input"
                      name="healthCareAmount"
                      required=""
                      type="number"
                      value="0"
                    />
                  </p>
                </div>
              </div>
            </div>
            <div
              class="field is-horizontal"
            >
              <div
                class="field-label is-normal"
              >
                <label
                  class="label"
                >
                  Monthly 401k Investment Amount
                </label>
              </div>
              <div
                class="field-body"
              >
                <div
                  class="field"
                >
                  <p
                    class="control"
                  >
                    <input
                      aria-label="investmentsAmount"
                      class="input"
                      name="investmentsAmount"
                      required=""
                      type="number"
                      value="0"
                    />
                  </p>
                </div>
              </div>
            </div>
            <div
              class="field is-horizontal"
            >
              <div
                class="field-label is-normal"
              >
                <label
                  class="label"
                >
                  Employer 401k Investment Match
                </label>
              </div>
              <div
                class="field-body"
              >
                <div
                  class="field"
                >
                  <p
                    class="control"
                  >
                    <input
                      aria-label="investmentsMatchPercentage"
                      class="input"
                      name="investmentsMatchPercentage"
                      required=""
                      type="number"
                      value="0"
                    />
                  </p>
                </div>
              </div>
            </div>
            <div
              class="field is-horizontal"
            >
              <div
                class="field-label is-normal"
              >
                <label
                  class="label"
                >
                  Monthly Miscellaneous Benefits Amount
                </label>
              </div>
              <div
                class="field-body"
              >
                <div
                  class="field"
                >
                  <p
                    class="control"
                  >
                    <input
                      aria-label="miscBenefitsAmount"
                      class="input"
                      name="miscBenefitsAmount"
                      required=""
                      type="number"
                      value="0"
                    />
                  </p>
                </div>
              </div>
            </div>
            <div
              class="field is-horizontal"
            >
              <div
                class="field-label"
              />
              <div
                class="field-body"
              >
                <div
                  class="field"
                >
                  <div
                    class="control"
                  >
                    <input
                      aria-label="submit"
                      class="button is-primary"
                      type="submit"
                      value="Calculate"
                    />
                  </div>
                </div>
              </div>
            </div>
          </form>
        </div>
        <section
          class="section"
        >
          <div
            class="container"
          >
            <h2
              class="title is-4"
            >
              Your Rate: 
              <span
                aria-label="calculated-total"
                class="calculated-total-text"
              >
                $0.00
              </span>
            </h2>
          </div>
        </section>
      </section>
      <footer
        class="footer"
      >
        by 
        <a
          href="https://gregjmorrison.com"
        >
          Greg Morrison
        </a>
      </footer>
    </div>
  </div>,
  "debug": [Function],
  "findAllByAltText": [Function],
  "findAllByDisplayValue": [Function],
  "findAllByLabelText": [Function],
  "findAllByPlaceholderText": [Function],
  "findAllByRole": [Function],
  "findAllByTestId": [Function],
  "findAllByText": [Function],
  "findAllByTitle": [Function],
  "findByAltText": [Function],
  "findByDisplayValue": [Function],
  "findByLabelText": [Function],
  "findByPlaceholderText": [Function],
  "findByRole": [Function],
  "findByTestId": [Function],
  "findByText": [Function],
  "findByTitle": [Function],
  "getAllByAltText": [Function],
  "getAllByDisplayValue": [Function],
  "getAllByLabelText": [Function],
  "getAllByPlaceholderText": [Function],
  "getAllByRole": [Function],
  "getAllByTestId": [Function],
  "getAllByText": [Function],
  "getAllByTitle": [Function],
  "getByAltText": [Function],
  "getByDisplayValue": [Function],
  "getByLabelText": [Function],
  "getByPlaceholderText": [Function],
  "getByRole": [Function],
  "getByTestId": [Function],
  "getByText": [Function],
  "getByTitle": [Function],
  "queryAllByAltText": [Function],
  "queryAllByDisplayValue": [Function],
  "queryAllByLabelText": [Function],
  "queryAllByPlaceholderText": [Function],
  "queryAllByRole": [Function],
  "queryAllByTestId": [Function],
  "queryAllByText": [Function],
  "queryAllByTitle": [Function],
  "queryByAltText": [Function],
  "queryByDisplayValue": [Function],
  "queryByLabelText": [Function],
  "queryByPlaceholderText": [Function],
  "queryByRole": [Function],
  "queryByTestId": [Function],
  "queryByText": [Function],
  "queryByTitle": [Function],
  "rerender": [Function],
  "unmount": [Function],
}
`;
